******************************************************************************
                  MSP430 Linker PC v20.2.5                     
******************************************************************************
>> Linked Sun Jul  5 18:52:18 2026

OUTPUT FILE NAME:   <Junior_Design.out>
ENTRY POINT SYMBOL: "_c_int00_noargs"  address: 0000d252


MEMORY CONFIGURATION

         name            origin    length      used     unused   attr    fill
----------------------  --------  ---------  --------  --------  ----  --------
  SFR                   00000000   00000010  00000000  00000010  RWIX
  PERIPHERALS_8BIT      00000010   000000f0  00000000  000000f0  RWIX
  PERIPHERALS_16BIT     00000100   00000100  00000000  00000100  RWIX
  RAM                   00000200   00000200  000000a6  0000015a  RWIX
  INFOD                 00001000   00000040  00000000  00000040  RWIX
  INFOC                 00001040   00000040  00000000  00000040  RWIX
  INFOB                 00001080   00000040  00000000  00000040  RWIX
  INFOA                 000010c0   00000040  00000000  00000040  RWIX
  FLASH                 0000c000   00003fde  0000142a  00002bb4  RWIX
  BSLSIGNATURE          0000ffde   00000002  00000002  00000000  RWIX  ffff 
  INT00                 0000ffe0   00000002  00000002  00000000  RWIX
  INT01                 0000ffe2   00000002  00000000  00000002  RWIX
  INT02                 0000ffe4   00000002  00000002  00000000  RWIX
  INT03                 0000ffe6   00000002  00000002  00000000  RWIX
  INT04                 0000ffe8   00000002  00000000  00000002  RWIX
  INT05                 0000ffea   00000002  00000002  00000000  RWIX
  INT06                 0000ffec   00000002  00000002  00000000  RWIX
  INT07                 0000ffee   00000002  00000002  00000000  RWIX
  INT08                 0000fff0   00000002  00000002  00000000  RWIX
  INT09                 0000fff2   00000002  00000002  00000000  RWIX
  INT10                 0000fff4   00000002  00000002  00000000  RWIX
  INT11                 0000fff6   00000002  00000002  00000000  RWIX
  INT12                 0000fff8   00000002  00000002  00000000  RWIX
  INT13                 0000fffa   00000002  00000002  00000000  RWIX
  INT14                 0000fffc   00000002  00000002  00000000  RWIX
  RESET                 0000fffe   00000002  00000002  00000000  RWIX


SECTION ALLOCATION MAP

 output                                  attributes/
section   page    origin      length       input sections
--------  ----  ----------  ----------   ----------------
.data      0    00000200    00000042     UNINITIALIZED
                  00000200    00000020     main.obj (.data:Data2)
                  00000220    00000011     main.obj (.data:Data)
                  00000231    00000001     --HOLE--
                  00000232    00000010     main.obj (.data)

.bss       0    00000242    00000014     UNINITIALIZED
                  00000242    00000014     main.obj (.bss)

.stack     0    000003b0    00000050     UNINITIALIZED
                  000003b0    00000002     rts430_eabi.lib : boot.c.obj (.stack)
                  000003b2    0000004e     --HOLE--

.text      0    0000c000    000013d2     
                  0000c000    000002c0     rts430_eabi.lib : mpyd.c.obj (.text:__mspabi_mpyd)
                  0000c2c0    00000172                     : frcmpyd.c.obj (.text:__TI_frcmpyd)
                  0000c432    0000013e     main.obj (.text:main)
                  0000c570    00000116     rts430_eabi.lib : _printfi_min.c.obj (.text:_setfield)
                  0000c686    00000114                     : mult64.asm.obj (.text:__mpyll)
                  0000c79a    000000ec                     : _printfi_min.c.obj (.text:__TI_printfi_minimal)
                  0000c886    000000ca                     : _printfi_min.c.obj (.text:_pproc_diouxp)
                  0000c950    0000009c                     : fs_div.asm.obj (.text)
                  0000c9ec    0000008a                     : fltuld.c.obj (.text:__mspabi_fltuld)
                  0000ca76    0000007c                     : copy_decompress_lzss.c.obj (.text:decompress:lzss:__TI_decompress_lzss)
                  0000caf2    00000072                     : fixdli.c.obj (.text:__mspabi_fixdli)
                  0000cb64    00000068                     : fs_toi.asm.obj (.text)
                  0000cbcc    0000005c                     : lsr32.asm.obj (.text:l_lsr_const)
                  0000cc28    00000058     main.obj (.text:LCD_Cmd)
                  0000cc80    00000058     rts430_eabi.lib : div32u.asm.obj (.text)
                  0000ccd8    00000056     main.obj (.text:LCD_Character)
                  0000cd2e    00000050     main.obj (.text:Init_HW)
                  0000cd7e    0000004c     rts430_eabi.lib : lsr16.asm.obj (.text)
                  0000cdca    00000046                     : lsr64.c.obj (.text:__mspabi_srlll)
                  0000ce10    00000044                     : lsl64.c.obj (.text:__mspabi_sllll)
                  0000ce54    00000042                     : autoinit.c.obj (.text:__TI_auto_init_nobinit_nopinit:__TI_auto_init_nobinit_nopinit)
                  0000ce96    0000003e                     : lsl32.asm.obj (.text:l_lsl_const)
                  0000ced4    0000003c     main.obj (.text:Timer_A_CCR0_ISR)
                  0000cf10    00000038     main.obj (.text:Timer1_A_CCR0_ISR)
                  0000cf48    00000038     rts430_eabi.lib : sprintf.c.obj (.text:sprintf)
                  0000cf80    00000034     main.obj (.text:Delay_Timer)
                  0000cfb4    0000002e     main.obj (.text:Delay)
                  0000cfe2    0000002e     main.obj (.text:LCD_Initialize)
                  0000d010    0000002c     main.obj (.text:LCD_I2C_Init)
                  0000d03c    0000002c     rts430_eabi.lib : asr16.asm.obj (.text)
                  0000d068    0000002c                     : lsl16.asm.obj (.text)
                  0000d094    00000028                     : fixdi.c.obj (.text:__mspabi_fixdi)
                  0000d0bc    00000026     main.obj (.text:LCD_String)
                  0000d0e2    00000026     main.obj (.text:Port_2)
                  0000d108    00000026     rts430_eabi.lib : mult32.asm.obj (.text)
                  0000d12e    00000024                     : fs_utof.asm.obj (.text)
                  0000d152    00000022     main.obj (.text:Ultrasonic_Trigger)
                  0000d174    00000022     rts430_eabi.lib : mult1632.asm.obj (.text:__mpyul)
                  0000d196    00000022                     : memccpy.c.obj (.text:memccpy)
                  0000d1b8    00000020     main.obj (.text:GPIO_Interrupt_Init_PORT2)
                  0000d1d8    00000020     main.obj (.text:LCD_I2C_Send)
                  0000d1f8    0000001e     main.obj (.text:Init_ADC)
                  0000d216    0000001e     main.obj (.text:LCD_Cursor_Postion)
                  0000d234    0000001e     rts430_eabi.lib : mult3264.asm.obj (.text:__mpyull)
                  0000d252    0000001c                     : boot.c.obj (.text:_c_int00_noargs)
                  0000d26e    0000001a                     : sprintf.c.obj (.text:_outs)
                  0000d288    00000018     main.obj (.text:Init_Timer_A)
                  0000d2a0    00000018     main.obj (.text:Init_Timer_B)
                  0000d2b8    00000018     main.obj (.text:LCD_CLRscreen)
                  0000d2d0    00000016     rts430_eabi.lib : div16u.asm.obj (.text)
                  0000d2e6    00000014     main.obj (.text:LCD_Cursor_On_No_Blink)
                  0000d2fa    00000014     rts430_eabi.lib : copy_zero_init.c.obj (.text:decompress:ZI:__TI_zero_init_nomemset:__TI_zero_init_nomemset)
                  0000d30e    00000014                     : memset.c.obj (.text:memset)
                  0000d322    00000014                     : mult16.asm.obj (.text)
                  0000d336    00000012     main.obj (.text:Ultrasonic_Echo_Read)
                  0000d348    00000012     rts430_eabi.lib : sprintf.c.obj (.text:_outc)
                  0000d35a    00000012                     : copy_decompress_none.c.obj (.text:decompress:none:__TI_decompress_none)
                  0000d36c    00000012                     : lsr32.asm.obj (.text:l_lsr)
                  0000d37e    00000012                     : memcpy.c.obj (.text:memcpy)
                  0000d390    00000010     main.obj (.text:ADC_Read)
                  0000d3a0    00000010     rts430_eabi.lib : epilog.asm.obj (.text)
                  0000d3b0    0000000e                     : strlen.c.obj (.text:strlen)
                  0000d3be    00000008                     : isr_trap.asm.obj (.text:_isr:__TI_ISR_TRAP)
                  0000d3c6    00000006                     : exit.c.obj (.text:abort)
                  0000d3cc    00000004                     : pre_init.c.obj (.text:_system_pre_init)
                  0000d3d0    00000002                     : startup.c.obj (.text:_system_post_cinit)

.const     0    0000d3d2    00000026     
                  0000d3d2    00000014     rts430_eabi.lib : _printfi_min.c.obj (.const:.string)
                  0000d3e6    00000012     main.obj (.const:.string)

.cinit     0    0000d3f8    00000032     
                  0000d3f8    0000001f     (.cinit..data.load) [load image, compression = lzss]
                  0000d417    00000001     --HOLE-- [fill = 0]
                  0000d418    00000006     (__TI_handler_table)
                  0000d41e    00000004     (.cinit..bss.load) [load image, compression = zero_init]
                  0000d422    00000008     (__TI_cinit_table)

.binit     0    0000c000    00000000     

.init_array 
*          0    0000c000    00000000     UNINITIALIZED

TRAPINT    0    0000ffe0    00000002     
                  0000ffe0    00000002     rts430_eabi.lib : int00.asm.obj (.int00)

PORT1      0    0000ffe4    00000002     
                  0000ffe4    00000002     rts430_eabi.lib : int02.asm.obj (.int02)

PORT2      0    0000ffe6    00000002     
                  0000ffe6    00000002     main.obj (.int03)

ADC10      0    0000ffea    00000002     
                  0000ffea    00000002     rts430_eabi.lib : int05.asm.obj (.int05)

USCIAB0TX 
*          0    0000ffec    00000002     
                  0000ffec    00000002     rts430_eabi.lib : int06.asm.obj (.int06)

USCIAB0RX 
*          0    0000ffee    00000002     
                  0000ffee    00000002     rts430_eabi.lib : int07.asm.obj (.int07)

TIMER0_A1 
*          0    0000fff0    00000002     
                  0000fff0    00000002     rts430_eabi.lib : int08.asm.obj (.int08)

TIMER0_A0 
*          0    0000fff2    00000002     
                  0000fff2    00000002     main.obj (.int09)

WDT        0    0000fff4    00000002     
                  0000fff4    00000002     rts430_eabi.lib : int10.asm.obj (.int10)

COMPARATORA 
*          0    0000fff6    00000002     
                  0000fff6    00000002     rts430_eabi.lib : int11.asm.obj (.int11)

TIMER1_A1 
*          0    0000fff8    00000002     
                  0000fff8    00000002     rts430_eabi.lib : int12.asm.obj (.int12)

TIMER1_A0 
*          0    0000fffa    00000002     
                  0000fffa    00000002     main.obj (.int13)

NMI        0    0000fffc    00000002     
                  0000fffc    00000002     rts430_eabi.lib : int14.asm.obj (.int14)

.reset     0    0000fffe    00000002     
                  0000fffe    00000002     rts430_eabi.lib : boot.c.obj (.reset)

$fill000   0    0000ffde    00000002     
                  0000ffde    00000002     --HOLE-- [fill = ffff]

MODULE SUMMARY

       Module                       code   ro data   rw data
       ------                       ----   -------   -------
    .\
       main.obj                     1236   24        85     
    +--+----------------------------+------+---------+---------+
       Total:                       1236   24        85     
                                                            
    C:\ti\ccs1040\ccs\tools\compiler\ti-cgt-msp430_20.2.5.LTS\lib\rts430_eabi.lib
       _printfi_min.c.obj           716    20        0      
       mpyd.c.obj                   704    0         0      
       frcmpyd.c.obj                370    0         0      
       mult64.asm.obj               276    0         0      
       fs_div.asm.obj               156    0         0      
       fltuld.c.obj                 138    0         0      
       copy_decompress_lzss.c.obj   124    0         0      
       fixdli.c.obj                 114    0         0      
       lsr32.asm.obj                110    0         0      
       fs_toi.asm.obj               104    0         0      
       sprintf.c.obj                100    0         0      
       div32u.asm.obj               88     0         0      
       lsr16.asm.obj                76     0         0      
       lsr64.c.obj                  70     0         0      
       lsl64.c.obj                  68     0         0      
       autoinit.c.obj               66     0         0      
       lsl32.asm.obj                62     0         0      
       asr16.asm.obj                44     0         0      
       lsl16.asm.obj                44     0         0      
       fixdi.c.obj                  40     0         0      
       mult32.asm.obj               38     0         0      
       fs_utof.asm.obj              36     0         0      
       memccpy.c.obj                34     0         0      
       mult1632.asm.obj             34     0         0      
       boot.c.obj                   28     2         0      
       mult3264.asm.obj             30     0         0      
       div16u.asm.obj               22     0         0      
       copy_zero_init.c.obj         20     0         0      
       memset.c.obj                 20     0         0      
       mult16.asm.obj               20     0         0      
       copy_decompress_none.c.obj   18     0         0      
       memcpy.c.obj                 18     0         0      
       epilog.asm.obj               16     0         0      
       strlen.c.obj                 14     0         0      
       isr_trap.asm.obj             8      0         0      
       exit.c.obj                   6      0         0      
       pre_init.c.obj               4      0         0      
       int00.asm.obj                0      2         0      
       int02.asm.obj                0      2         0      
       int05.asm.obj                0      2         0      
       int06.asm.obj                0      2         0      
       int07.asm.obj                0      2         0      
       int08.asm.obj                0      2         0      
       int10.asm.obj                0      2         0      
       int11.asm.obj                0      2         0      
       int12.asm.obj                0      2         0      
       int14.asm.obj                0      2         0      
       startup.c.obj                2      0         0      
    +--+----------------------------+------+---------+---------+
       Total:                       3838   42        0      
                                                            
       Stack:                       0      0         80     
       Linker Generated:            0      49        0      
    +--+----------------------------+------+---------+---------+
       Grand Total:                 5074   115       165    


LINKER GENERATED COPY TABLES

__TI_cinit_table @ 0000d422 records: 2, size/record: 4, table size: 8
	.data: load addr=0000d3f8, load size=0000001f bytes, run addr=00000200, run size=00000042 bytes, compression=lzss
	.bss: load addr=0000d41e, load size=00000004 bytes, run addr=00000242, run size=00000014 bytes, compression=zero_init


LINKER GENERATED HANDLER TABLE

__TI_handler_table @ 0000d418 records: 3, size/record: 2, table size: 6
	index: 0, handler: __TI_zero_init
	index: 1, handler: __TI_decompress_lzss
	index: 2, handler: __TI_decompress_none


GLOBAL SYMBOLS: SORTED ALPHABETICALLY BY Name 

address   name                          
-------   ----                          
0000004a  ADC10AE0                      
000001b0  ADC10CTL0                     
000001b2  ADC10CTL1                     
00000048  ADC10DTC0                     
00000049  ADC10DTC1                     
000001b4  ADC10MEM                      
000001bc  ADC10SA                       
0000d390  ADC_Read                      
00000057  BCSCTL1                       
00000058  BCSCTL2                       
00000053  BCSCTL3                       
0000d3c6  C$$EXIT                       
00000059  CACTL1                        
0000005a  CACTL2                        
000010fb  CALBC1_12MHZ                  
000010f9  CALBC1_16MHZ                  
000010ff  CALBC1_1MHZ                   
000010fd  CALBC1_8MHZ                   
000010fa  CALDCO_12MHZ                  
000010f8  CALDCO_16MHZ                  
000010fe  CALDCO_1MHZ                   
000010fc  CALDCO_8MHZ                   
0000005b  CAPD                          
00000056  DCOCTL                        
00000220  Data                          
00000200  Data2                         
0000cfb4  Delay                         
0000cf80  Delay_Timer                   
00000128  FCTL1                         
0000012a  FCTL2                         
0000012c  FCTL3                         
0000d1b8  GPIO_Interrupt_Init_PORT2     
00000000  IE1                           
00000001  IE2                           
00000002  IFG1                          
00000003  IFG2                          
0000d1f8  Init_ADC                      
0000cd2e  Init_HW                       
0000d288  Init_Timer_A                  
0000d2a0  Init_Timer_B                  
0000d2b8  LCD_CLRscreen                 
0000ccd8  LCD_Character                 
0000cc28  LCD_Cmd                       
0000d2e6  LCD_Cursor_On_No_Blink        
0000d216  LCD_Cursor_Postion            
0000d010  LCD_I2C_Init                  
0000d1d8  LCD_I2C_Send                  
0000cfe2  LCD_Initialize                
0000d0bc  LCD_String                    
00000022  P1DIR                         
00000025  P1IE                          
00000024  P1IES                         
00000023  P1IFG                         
00000020  P1IN                          
00000021  P1OUT                         
00000027  P1REN                         
00000026  P1SEL                         
00000041  P1SEL2                        
0000002a  P2DIR                         
0000002d  P2IE                          
0000002c  P2IES                         
0000002b  P2IFG                         
00000028  P2IN                          
00000029  P2OUT                         
0000002f  P2REN                         
0000002e  P2SEL                         
00000042  P2SEL2                        
0000001a  P3DIR                         
00000018  P3IN                          
00000019  P3OUT                         
00000010  P3REN                         
0000001b  P3SEL                         
00000043  P3SEL2                        
0000d0e2  Port_2                        
00000172  TA0CCR0                       
00000174  TA0CCR1                       
00000176  TA0CCR2                       
00000162  TA0CCTL0                      
00000164  TA0CCTL1                      
00000166  TA0CCTL2                      
00000160  TA0CTL                        
0000012e  TA0IV                         
00000170  TA0R                          
00000192  TA1CCR0                       
00000194  TA1CCR1                       
00000196  TA1CCR2                       
00000182  TA1CCTL0                      
00000184  TA1CCTL1                      
00000186  TA1CCTL2                      
00000180  TA1CTL                        
0000011e  TA1IV                         
00000190  TA1R                          
000010db  TLV_ADC10_1_LEN               
000010da  TLV_ADC10_1_TAG               
000010c0  TLV_CHECKSUM                  
000010f7  TLV_DCO_30_LEN                
000010f6  TLV_DCO_30_TAG                
0000cf10  Timer1_A_CCR0_ISR             
0000ced4  Timer_A_CCR0_ISR              
0000005d  UCA0ABCTL                     
00000062  UCA0BR0                       
00000063  UCA0BR1                       
00000060  UCA0CTL0                      
00000061  UCA0CTL1                      
0000005f  UCA0IRRCTL                    
0000005e  UCA0IRTCTL                    
00000064  UCA0MCTL                      
00000066  UCA0RXBUF                     
00000065  UCA0STAT                      
00000067  UCA0TXBUF                     
0000006a  UCB0BR0                       
0000006b  UCB0BR1                       
00000068  UCB0CTL0                      
00000069  UCB0CTL1                      
0000006c  UCB0I2CIE                     
00000118  UCB0I2COA                     
0000011a  UCB0I2CSA                     
0000006e  UCB0RXBUF                     
0000006d  UCB0STAT                      
0000006f  UCB0TXBUF                     
0000d336  Ultrasonic_Echo_Read          
0000d152  Ultrasonic_Trigger            
00000120  WDTCTL                        
00000400  __STACK_END                   
00000050  __STACK_SIZE                  
0000d422  __TI_CINIT_Base               
0000d42a  __TI_CINIT_Limit              
0000d418  __TI_Handler_Table_Base       
0000d41e  __TI_Handler_Table_Limit      
0000d3be  __TI_ISR_TRAP                 
0000ce54  __TI_auto_init_nobinit_nopinit
0000ca76  __TI_decompress_lzss          
0000d35a  __TI_decompress_none          
0000c2c0  __TI_frcmpyd                  
0000ffe0  __TI_int00                    
0000ffe4  __TI_int02                    
0000ffe6  __TI_int03                    
0000ffea  __TI_int05                    
0000ffec  __TI_int06                    
0000ffee  __TI_int07                    
0000fff0  __TI_int08                    
0000fff2  __TI_int09                    
0000fff4  __TI_int10                    
0000fff6  __TI_int11                    
0000fff8  __TI_int12                    
0000fffa  __TI_int13                    
0000fffc  __TI_int14                    
ffffffff  __TI_pprof_out_hndl           
0000c79a  __TI_printfi_minimal          
ffffffff  __TI_prof_data_size           
ffffffff  __TI_prof_data_start          
0000d2fa  __TI_zero_init_nomemset       
ffffffff  __c_args__                    
0000c950  __mspabi_divf                 
0000d2d0  __mspabi_divu                 
0000cc80  __mspabi_divul                
0000d094  __mspabi_fixdi                
0000caf2  __mspabi_fixdli               
0000cb64  __mspabi_fixfi                
0000d12e  __mspabi_fltuf                
0000c9ec  __mspabi_fltuld               
0000d3ac  __mspabi_func_epilog_1        
0000d3aa  __mspabi_func_epilog_2        
0000d3a8  __mspabi_func_epilog_3        
0000d3a6  __mspabi_func_epilog_4        
0000d3a4  __mspabi_func_epilog_5        
0000d3a2  __mspabi_func_epilog_6        
0000d3a0  __mspabi_func_epilog_7        
0000c000  __mspabi_mpyd                 
0000d322  __mspabi_mpyi                 
0000d322  __mspabi_mpyi_sw              
0000d108  __mspabi_mpyl                 
0000d108  __mspabi_mpyl_sw              
0000c686  __mspabi_mpyll                
0000c686  __mspabi_mpyll_sw             
0000d174  __mspabi_mpyul                
0000d174  __mspabi_mpyul_sw             
0000d234  __mspabi_mpyull               
0000d234  __mspabi_mpyull_sw            
0000d2d0  __mspabi_remu                 
0000cc80  __mspabi_remul                
0000d068  __mspabi_slli                 
0000d090  __mspabi_slli_1               
0000d07e  __mspabi_slli_10              
0000d07c  __mspabi_slli_11              
0000d07a  __mspabi_slli_12              
0000d078  __mspabi_slli_13              
0000d076  __mspabi_slli_14              
0000d074  __mspabi_slli_15              
0000d08e  __mspabi_slli_2               
0000d08c  __mspabi_slli_3               
0000d08a  __mspabi_slli_4               
0000d088  __mspabi_slli_5               
0000d086  __mspabi_slli_6               
0000d084  __mspabi_slli_7               
0000d082  __mspabi_slli_8               
0000d080  __mspabi_slli_9               
0000cece  __mspabi_slll_1               
0000ceaa  __mspabi_slll_10              
0000cea6  __mspabi_slll_11              
0000cea2  __mspabi_slll_12              
0000ce9e  __mspabi_slll_13              
0000ce9a  __mspabi_slll_14              
0000ce96  __mspabi_slll_15              
0000ceca  __mspabi_slll_2               
0000cec6  __mspabi_slll_3               
0000cec2  __mspabi_slll_4               
0000cebe  __mspabi_slll_5               
0000ceba  __mspabi_slll_6               
0000ceb6  __mspabi_slll_7               
0000ceb2  __mspabi_slll_8               
0000ceae  __mspabi_slll_9               
0000ce10  __mspabi_sllll                
0000d03c  __mspabi_srai                 
0000d064  __mspabi_srai_1               
0000d052  __mspabi_srai_10              
0000d050  __mspabi_srai_11              
0000d04e  __mspabi_srai_12              
0000d04c  __mspabi_srai_13              
0000d04a  __mspabi_srai_14              
0000d048  __mspabi_srai_15              
0000d062  __mspabi_srai_2               
0000d060  __mspabi_srai_3               
0000d05e  __mspabi_srai_4               
0000d05c  __mspabi_srai_5               
0000d05a  __mspabi_srai_6               
0000d058  __mspabi_srai_7               
0000d056  __mspabi_srai_8               
0000d054  __mspabi_srai_9               
0000cd7e  __mspabi_srli                 
0000cdc4  __mspabi_srli_1               
0000cda0  __mspabi_srli_10              
0000cd9c  __mspabi_srli_11              
0000cd98  __mspabi_srli_12              
0000cd94  __mspabi_srli_13              
0000cd90  __mspabi_srli_14              
0000cd8c  __mspabi_srli_15              
0000cdc0  __mspabi_srli_2               
0000cdbc  __mspabi_srli_3               
0000cdb8  __mspabi_srli_4               
0000cdb4  __mspabi_srli_5               
0000cdb0  __mspabi_srli_6               
0000cdac  __mspabi_srli_7               
0000cda8  __mspabi_srli_8               
0000cda4  __mspabi_srli_9               
0000d36c  __mspabi_srll                 
0000cc20  __mspabi_srll_1               
0000cbea  __mspabi_srll_10              
0000cbe4  __mspabi_srll_11              
0000cbde  __mspabi_srll_12              
0000cbd8  __mspabi_srll_13              
0000cbd2  __mspabi_srll_14              
0000cbcc  __mspabi_srll_15              
0000cc1a  __mspabi_srll_2               
0000cc14  __mspabi_srll_3               
0000cc0e  __mspabi_srll_4               
0000cc08  __mspabi_srll_5               
0000cc02  __mspabi_srll_6               
0000cbfc  __mspabi_srll_7               
0000cbf6  __mspabi_srll_8               
0000cbf0  __mspabi_srll_9               
0000cdca  __mspabi_srlll                
0000d252  _c_int00_noargs               
0000fffe  _reset_vector                 
000003b0  _stack                        
0000d3d0  _system_post_cinit            
0000d3cc  _system_pre_init              
0000d3c6  abort                         
0000c432  main                          
0000d196  memccpy                       
0000d37e  memcpy                        
0000d30e  memset                        
0000cf48  sprintf                       
0000d3b0  strlen                        


GLOBAL SYMBOLS: SORTED BY Symbol Address 

address   name                          
-------   ----                          
00000000  IE1                           
00000001  IE2                           
00000002  IFG1                          
00000003  IFG2                          
00000010  P3REN                         
00000018  P3IN                          
00000019  P3OUT                         
0000001a  P3DIR                         
0000001b  P3SEL                         
00000020  P1IN                          
00000021  P1OUT                         
00000022  P1DIR                         
00000023  P1IFG                         
00000024  P1IES                         
00000025  P1IE                          
00000026  P1SEL                         
00000027  P1REN                         
00000028  P2IN                          
00000029  P2OUT                         
0000002a  P2DIR                         
0000002b  P2IFG                         
0000002c  P2IES                         
0000002d  P2IE                          
0000002e  P2SEL                         
0000002f  P2REN                         
00000041  P1SEL2                        
00000042  P2SEL2                        
00000043  P3SEL2                        
00000048  ADC10DTC0                     
00000049  ADC10DTC1                     
0000004a  ADC10AE0                      
00000050  __STACK_SIZE                  
00000053  BCSCTL3                       
00000056  DCOCTL                        
00000057  BCSCTL1                       
00000058  BCSCTL2                       
00000059  CACTL1                        
0000005a  CACTL2                        
0000005b  CAPD                          
0000005d  UCA0ABCTL                     
0000005e  UCA0IRTCTL                    
0000005f  UCA0IRRCTL                    
00000060  UCA0CTL0                      
00000061  UCA0CTL1                      
00000062  UCA0BR0                       
00000063  UCA0BR1                       
00000064  UCA0MCTL                      
00000065  UCA0STAT                      
00000066  UCA0RXBUF                     
00000067  UCA0TXBUF                     
00000068  UCB0CTL0                      
00000069  UCB0CTL1                      
0000006a  UCB0BR0                       
0000006b  UCB0BR1                       
0000006c  UCB0I2CIE                     
0000006d  UCB0STAT                      
0000006e  UCB0RXBUF                     
0000006f  UCB0TXBUF                     
00000118  UCB0I2COA                     
0000011a  UCB0I2CSA                     
0000011e  TA1IV                         
00000120  WDTCTL                        
00000128  FCTL1                         
0000012a  FCTL2                         
0000012c  FCTL3                         
0000012e  TA0IV                         
00000160  TA0CTL                        
00000162  TA0CCTL0                      
00000164  TA0CCTL1                      
00000166  TA0CCTL2                      
00000170  TA0R                          
00000172  TA0CCR0                       
00000174  TA0CCR1                       
00000176  TA0CCR2                       
00000180  TA1CTL                        
00000182  TA1CCTL0                      
00000184  TA1CCTL1                      
00000186  TA1CCTL2                      
00000190  TA1R                          
00000192  TA1CCR0                       
00000194  TA1CCR1                       
00000196  TA1CCR2                       
000001b0  ADC10CTL0                     
000001b2  ADC10CTL1                     
000001b4  ADC10MEM                      
000001bc  ADC10SA                       
00000200  Data2                         
00000220  Data                          
000003b0  _stack                        
00000400  __STACK_END                   
000010c0  TLV_CHECKSUM                  
000010da  TLV_ADC10_1_TAG               
000010db  TLV_ADC10_1_LEN               
000010f6  TLV_DCO_30_TAG                
000010f7  TLV_DCO_30_LEN                
000010f8  CALDCO_16MHZ                  
000010f9  CALBC1_16MHZ                  
000010fa  CALDCO_12MHZ                  
000010fb  CALBC1_12MHZ                  
000010fc  CALDCO_8MHZ                   
000010fd  CALBC1_8MHZ                   
000010fe  CALDCO_1MHZ                   
000010ff  CALBC1_1MHZ                   
0000c000  __mspabi_mpyd                 
0000c2c0  __TI_frcmpyd                  
0000c432  main                          
0000c686  __mspabi_mpyll                
0000c686  __mspabi_mpyll_sw             
0000c79a  __TI_printfi_minimal          
0000c950  __mspabi_divf                 
0000c9ec  __mspabi_fltuld               
0000ca76  __TI_decompress_lzss          
0000caf2  __mspabi_fixdli               
0000cb64  __mspabi_fixfi                
0000cbcc  __mspabi_srll_15              
0000cbd2  __mspabi_srll_14              
0000cbd8  __mspabi_srll_13              
0000cbde  __mspabi_srll_12              
0000cbe4  __mspabi_srll_11              
0000cbea  __mspabi_srll_10              
0000cbf0  __mspabi_srll_9               
0000cbf6  __mspabi_srll_8               
0000cbfc  __mspabi_srll_7               
0000cc02  __mspabi_srll_6               
0000cc08  __mspabi_srll_5               
0000cc0e  __mspabi_srll_4               
0000cc14  __mspabi_srll_3               
0000cc1a  __mspabi_srll_2               
0000cc20  __mspabi_srll_1               
0000cc28  LCD_Cmd                       
0000cc80  __mspabi_divul                
0000cc80  __mspabi_remul                
0000ccd8  LCD_Character                 
0000cd2e  Init_HW                       
0000cd7e  __mspabi_srli                 
0000cd8c  __mspabi_srli_15              
0000cd90  __mspabi_srli_14              
0000cd94  __mspabi_srli_13              
0000cd98  __mspabi_srli_12              
0000cd9c  __mspabi_srli_11              
0000cda0  __mspabi_srli_10              
0000cda4  __mspabi_srli_9               
0000cda8  __mspabi_srli_8               
0000cdac  __mspabi_srli_7               
0000cdb0  __mspabi_srli_6               
0000cdb4  __mspabi_srli_5               
0000cdb8  __mspabi_srli_4               
0000cdbc  __mspabi_srli_3               
0000cdc0  __mspabi_srli_2               
0000cdc4  __mspabi_srli_1               
0000cdca  __mspabi_srlll                
0000ce10  __mspabi_sllll                
0000ce54  __TI_auto_init_nobinit_nopinit
0000ce96  __mspabi_slll_15              
0000ce9a  __mspabi_slll_14              
0000ce9e  __mspabi_slll_13              
0000cea2  __mspabi_slll_12              
0000cea6  __mspabi_slll_11              
0000ceaa  __mspabi_slll_10              
0000ceae  __mspabi_slll_9               
0000ceb2  __mspabi_slll_8               
0000ceb6  __mspabi_slll_7               
0000ceba  __mspabi_slll_6               
0000cebe  __mspabi_slll_5               
0000cec2  __mspabi_slll_4               
0000cec6  __mspabi_slll_3               
0000ceca  __mspabi_slll_2               
0000cece  __mspabi_slll_1               
0000ced4  Timer_A_CCR0_ISR              
0000cf10  Timer1_A_CCR0_ISR             
0000cf48  sprintf                       
0000cf80  Delay_Timer                   
0000cfb4  Delay                         
0000cfe2  LCD_Initialize                
0000d010  LCD_I2C_Init                  
0000d03c  __mspabi_srai                 
0000d048  __mspabi_srai_15              
0000d04a  __mspabi_srai_14              
0000d04c  __mspabi_srai_13              
0000d04e  __mspabi_srai_12              
0000d050  __mspabi_srai_11              
0000d052  __mspabi_srai_10              
0000d054  __mspabi_srai_9               
0000d056  __mspabi_srai_8               
0000d058  __mspabi_srai_7               
0000d05a  __mspabi_srai_6               
0000d05c  __mspabi_srai_5               
0000d05e  __mspabi_srai_4               
0000d060  __mspabi_srai_3               
0000d062  __mspabi_srai_2               
0000d064  __mspabi_srai_1               
0000d068  __mspabi_slli                 
0000d074  __mspabi_slli_15              
0000d076  __mspabi_slli_14              
0000d078  __mspabi_slli_13              
0000d07a  __mspabi_slli_12              
0000d07c  __mspabi_slli_11              
0000d07e  __mspabi_slli_10              
0000d080  __mspabi_slli_9               
0000d082  __mspabi_slli_8               
0000d084  __mspabi_slli_7               
0000d086  __mspabi_slli_6               
0000d088  __mspabi_slli_5               
0000d08a  __mspabi_slli_4               
0000d08c  __mspabi_slli_3               
0000d08e  __mspabi_slli_2               
0000d090  __mspabi_slli_1               
0000d094  __mspabi_fixdi                
0000d0bc  LCD_String                    
0000d0e2  Port_2                        
0000d108  __mspabi_mpyl                 
0000d108  __mspabi_mpyl_sw              
0000d12e  __mspabi_fltuf                
0000d152  Ultrasonic_Trigger            
0000d174  __mspabi_mpyul                
0000d174  __mspabi_mpyul_sw             
0000d196  memccpy                       
0000d1b8  GPIO_Interrupt_Init_PORT2     
0000d1d8  LCD_I2C_Send                  
0000d1f8  Init_ADC                      
0000d216  LCD_Cursor_Postion            
0000d234  __mspabi_mpyull               
0000d234  __mspabi_mpyull_sw            
0000d252  _c_int00_noargs               
0000d288  Init_Timer_A                  
0000d2a0  Init_Timer_B                  
0000d2b8  LCD_CLRscreen                 
0000d2d0  __mspabi_divu                 
0000d2d0  __mspabi_remu                 
0000d2e6  LCD_Cursor_On_No_Blink        
0000d2fa  __TI_zero_init_nomemset       
0000d30e  memset                        
0000d322  __mspabi_mpyi                 
0000d322  __mspabi_mpyi_sw              
0000d336  Ultrasonic_Echo_Read          
0000d35a  __TI_decompress_none          
0000d36c  __mspabi_srll                 
0000d37e  memcpy                        
0000d390  ADC_Read                      
0000d3a0  __mspabi_func_epilog_7        
0000d3a2  __mspabi_func_epilog_6        
0000d3a4  __mspabi_func_epilog_5        
0000d3a6  __mspabi_func_epilog_4        
0000d3a8  __mspabi_func_epilog_3        
0000d3aa  __mspabi_func_epilog_2        
0000d3ac  __mspabi_func_epilog_1        
0000d3b0  strlen                        
0000d3be  __TI_ISR_TRAP                 
0000d3c6  C$$EXIT                       
0000d3c6  abort                         
0000d3cc  _system_pre_init              
0000d3d0  _system_post_cinit            
0000d418  __TI_Handler_Table_Base       
0000d41e  __TI_Handler_Table_Limit      
0000d422  __TI_CINIT_Base               
0000d42a  __TI_CINIT_Limit              
0000ffe0  __TI_int00                    
0000ffe4  __TI_int02                    
0000ffe6  __TI_int03                    
0000ffea  __TI_int05                    
0000ffec  __TI_int06                    
0000ffee  __TI_int07                    
0000fff0  __TI_int08                    
0000fff2  __TI_int09                    
0000fff4  __TI_int10                    
0000fff6  __TI_int11                    
0000fff8  __TI_int12                    
0000fffa  __TI_int13                    
0000fffc  __TI_int14                    
0000fffe  _reset_vector                 
ffffffff  __TI_pprof_out_hndl           
ffffffff  __TI_prof_data_size           
ffffffff  __TI_prof_data_start          
ffffffff  __c_args__                    

[274 symbols]
